// Jest Snapshot v1, https://goo.gl/fbAQLP

exports[`renders the Login component correctly 1`] = `
<div
  className="titles"
>
  <div>
    <h1
      className="titles"
    >
      Login
    </h1>
    <h2
      className="titles"
    >
      Please submit your username and password
    </h2>
    <div>
      <form
        className="form"
        onSubmit={[Function]}
      >
        <input
          className="form-control"
          id="email"
          name="email"
          onChange={[Function]}
          placeholder="Enter email address"
          required={true}
          type="email"
          value=""
        />
        <input
          className="form-control"
          id="password"
          name="password"
          onChange={[Function]}
          placeholder="Enter password"
          required={true}
          type="password"
          value=""
        />
        <div
          className="userLogin"
        >
          <button
            className="button"
            type="submit"
          >
            Login
          </button>
        </div>
      </form>
    </div>
  </div>
</div>
`;
