// Jest Snapshot v1, https://goo.gl/fbAQLP

exports[`renders the Login component correctly 1`] = `
<div
  className="titles"
>
  <div>
    <div
      className="form-body"
    >
      <h1
        className="titles"
      >
        Welcome!
      </h1>
      <h2
        className="titles"
      >
        Use the bar above to take a quiz.
      </h2>
      <h2
        className="titles"
      >
        If you login, you can save/view your scores.
      </h2>
      <h2
        className="titles"
      >
        To login, submit your email and password below.
      </h2>
    </div>
    <div>
      <form
        className="form"
        onSubmit={[Function]}
      >
        <input
          className="form-control"
          id="email"
          name="email"
          onChange={[Function]}
          placeholder="Enter email address"
          required={true}
          type="email"
          value=""
        />
        <input
          className="form-control"
          id="password"
          name="password"
          onChange={[Function]}
          placeholder="Enter password"
          required={true}
          type="password"
          value=""
        />
        <div>
          <button
            className="register-button"
            type="submit"
          >
            Login
          </button>
        </div>
      </form>
    </div>
  </div>
</div>
`;
