// Jest Snapshot v1, https://goo.gl/fbAQLP

exports[`renders the TakeAQuiz component correctly 1`] = `
Array [
  <div>
    This is the Take A Quiz Page
  </div>,
  <div
    className="quiz-array"
  >
    <div
      className="indiv.quiz"
    >
      <div>
        <form
          action="https://en.wikipedia.org/wiki/JavaScript"
        >
          <button
            className="button-quiz"
            type="submit"
          >
            JavaScript
          </button>
        </form>
      </div>
    </div>
    <div
      className="indiv.quiz"
    >
      <div>
        <form
          action="https://en.wikipedia.org/wiki/CSS"
        >
          <button
            className="button-quiz"
            type="submit"
          >
            CSS
          </button>
        </form>
      </div>
    </div>
    <div
      className="indiv.quiz"
    >
      <div>
        <form
          action="https://en.wikipedia.org/wiki/HTML"
        >
          <button
            className="button-quiz"
            type="submit"
          >
            HTML
          </button>
        </form>
      </div>
    </div>
    <div
      className="indiv.quiz"
    >
      <div>
        <form
          action="https://en.wikipedia.org/wiki/Python_(programming_language)"
        >
          <button
            className="button-quiz"
            type="submit"
          >
            Python
          </button>
        </form>
      </div>
    </div>
    <div
      className="indiv.quiz"
    >
      <div>
        <form
          action="https://en.wikipedia.org/wiki/React_(JavaScript_library)"
        >
          <button
            className="button-quiz"
            type="submit"
          >
            React
          </button>
        </form>
      </div>
    </div>
    <div
      className="indiv.quiz"
    >
      <div>
        <form
          action="https://en.wikipedia.org/wiki/Ruby_(programming_language)"
        >
          <button
            className="button-quiz"
            type="submit"
          >
            Ruby
          </button>
        </form>
      </div>
    </div>
    <div
      className="indiv.quiz"
    >
      <div>
        <form
          action="https://en.wikipedia.org/wiki/R_(programming_language)"
        >
          <button
            className="button-quiz"
            type="submit"
          >
            R
          </button>
        </form>
      </div>
    </div>
    <div
      className="indiv.quiz"
    >
      <div>
        <form
          action="https://en.wikipedia.org/wiki/C_Sharp_(programming_language)"
        >
          <button
            className="button-quiz"
            type="submit"
          >
            C#
          </button>
        </form>
      </div>
    </div>
    <div
      className="indiv.quiz"
    >
      <div>
        <form
          action="https://en.wikipedia.org/wiki/C%2B%2B"
        >
          <button
            className="button-quiz"
            type="submit"
          >
            C++
          </button>
        </form>
      </div>
    </div>
  </div>,
]
`;
